õCÀ\`©aÖâ@åòÙõKð@ãâÖaÅ@ÓÖÇÖÕÁQ`Å•£…™@ÓÖÇÖÕ@—™”…£…™¢@‚…“–¦zÃq`<ÄY`ÅA`ä¢…™‰„@@@~~~nÅOA@@@@@@@@ÅX`ÅPÆQ`×¢¢¦–™„@~~~nÆ_M@@@@@@@@Æh`Ça`×™–ƒ…„¤™…~~~nÇoAÉÒÑÁÃÃÕãÇx`Èq`â‰©…@@@@@~~~nÈQððñõðÉE`Áz`ÙÁÃÆ@ÓÖÇÖÕ@—™”…£…™¢zÄZ`<Å@`ÈJ`Áƒƒ£@Õ”‚™@@@@~~~nÈ\A@@@@@@@@Èe`ÉZ`×…™†–™”@@@@@@~~~nÉlQ@@@@@@@@Éu`Êj`Ô‰“@~~~n@è…¢Ëz`Ù…ƒ–••…ƒ£@~~~n@Á¤£–ÍJ`ÖÉÄƒ™„@~~~n@Õ–•…Íq`Ã–””•„@@~~~nÍA@@@@@@@@@@@@@@@@@@@@@@@@@@@@@@@@@@@@@@@@@@@@@@@@@@@@@@@@@@@@@@Î~`ÏA`×ÄâaÅ@Ä¢•”…@~~~nÏSA@@@@@@@@@@@@@@@@@@@@@@@@@@@@@@@@@@@@@@@@@@@@@@@@@@@@@@@@@@@ÐO`ÐQ`\\\@Á¤£ˆ–™‰©…„@¤¢…™¢@–•“¨K@ä•¤£ˆ–™‰©…„@ƒƒ…¢¢@‰¢@—™–ˆ‰‚‰£…„K@\\\Òq`×™…¢¢@ÅÕãÅÙ@£–@“–‡–•@£–@ãâÖaÅÔA`×Æñ~ÈÅÓ×@×Æó~ÓÖÇÖÆÆÕQ`ÅÕãÅÙ@ÁÕ@ÅÕÄ@ÃÖÔÔÁÕÄ@ãÖ@ÓÖÇÖÆÆÿï